[hoplonco.com/index.html]
[backblue.gif]
[fade.gif]
[index.html]
[hoplonco.com/www.hoplonco.com]
[hoplonco.com/favicon.ico]
[hoplonco.com/assets/website/css/vendors/splitting.css]
[hoplonco.com/assets/website/css/vendors/bootstrap.css]
[hoplonco.com/assets/website/css/vendors/swiper.min.css]
[hoplonco.com/assets/website/css/vendors/animate.css]
[hoplonco.com/images/quote.svg]
[hoplonco.com/assets/website/css/modules/deferred.min87b4.css]
[hoplonco.com/assets/website/images/stvideo_compressed.webm]
[hoplonco.com/assets/website/images/stvideo_lowquality_720p.mp4]
[hoplonco.com/assets/website/images/logo-main.png]
[hoplonco.com/services.html]
[hoplonco.com/branding.html]
[hoplonco.com/digital-marketing.html]
[hoplonco.com/saas-solution.html]
[hoplonco.com/e-commerce.html]
[hoplonco.com/web-development.html]
[hoplonco.com/mobile-app.html]
[hoplonco.com/about.html]
[hoplonco.com/software-development.html]
[hoplonco.com/seo.html]
[hoplonco.com/public-relation.html]
[hoplonco.com/clients.html]
[hoplonco.com/blog.html]
[hoplonco.com/faq.html]
[hoplonco.com/our-work.html]
[hoplonco.com/contact.html]
[hoplonco.com/thankyou.html]
[hoplonco.com/assets/website/images/title_icon.svg]
[hoplonco.com/assets/website/images/icons/branding.png]
[hoplonco.com/assets/website/images/icons/websites.png]
[hoplonco.com/assets/website/images/icons/mobile-app.png]
[hoplonco.com/assets/website/images/icons/digital-marketing.png]
[hoplonco.com/assets/website/images/icons/public-relation.png]
[hoplonco.com/assets/website/images/icons/saas-solutions.png]
[hoplonco.com/assets/website/images/portfolio/410x304/home-work1.webp]
[hoplonco.com/assets/website/images/portfolio/410x304/home-work2.webp]
[hoplonco.com/assets/website/images/portfolio/410x304/home-work3.webp]
[hoplonco.com/assets/website/images/portfolio/410x304/home-work4.webp]
[hoplonco.com/assets/website/images/portfolio/410x304/home-work5.webp]
[hoplonco.com/assets/website/images/portfolio/410x304/home-work6.webp]
[hoplonco.com/assets/website/images/services.webm]
[hoplonco.com/assets/website/images/cta-bg-1.avif]
[hoplonco.com/assets/website/images/cta-circle2.png]
[hoplonco.com/assets/website/images/clientslogo/logo-1.webp]
[hoplonco.com/assets/website/images/clientslogo/logo-2.webp]
[hoplonco.com/assets/website/images/clientslogo/logo-3.webp]
[hoplonco.com/assets/website/images/clientslogo/logo-4.webp]
[hoplonco.com/assets/website/images/clientslogo/logo-5.webp]
[hoplonco.com/assets/website/images/clientslogo/logo-6.webp]
[hoplonco.com/assets/website/images/clientslogo/logo-7.webp]
[hoplonco.com/assets/website/images/clientslogo/logo-8.webp]
[hoplonco.com/assets/website/images/clientslogo/logo-9.webp]
[hoplonco.com/assets/website/images/clientslogo/logo-10.webp]
[hoplonco.com/assets/website/images/clientslogo/logo-11.webp]
[hoplonco.com/assets/website/images/clientslogo/logo-12.webp]
[hoplonco.com/assets/website/images/clientslogo/logo-13.webp]
[hoplonco.com/assets/website/images/clientslogo/logo-14.webp]
[hoplonco.com/assets/website/images/clientslogo/logo-15.webp]
[hoplonco.com/assets/website/images/clientslogo/logo-16.webp]
[hoplonco.com/assets/website/images/clientslogo/logo-17.webp]
[hoplonco.com/assets/website/images/clientslogo/logo-18.webp]
[hoplonco.com/assets/website/images/clientslogo/logo-19.webp]
[hoplonco.com/assets/website/images/clientslogo/logo-20.webp]
[hoplonco.com/assets/website/images/clientslogo/logo-21.webp]
[hoplonco.com/assets/website/images/clientslogo/logo-22.webp]
[hoplonco.com/assets/website/images/clientslogo/logo-23.webp]
[hoplonco.com/assets/website/images/clientslogo/logo-24.webp]
[hoplonco.com/assets/website/images/clientslogo/logo-25.webp]
[hoplonco.com/assets/website/images/clientslogo/logo-26.webp]
[hoplonco.com/assets/website/images/clientslogo/logo-27.webp]
[hoplonco.com/assets/website/images/clientslogo/logo-28.webp]
[hoplonco.com/assets/website/images/clientslogo/logo-29.webp]
[hoplonco.com/assets/website/images/clientslogo/logo-30.webp]
[hoplonco.com/assets/website/images/clientslogo/logo-31.webp]
[hoplonco.com/assets/website/images/clientslogo/logo-32.webp]
[hoplonco.com/assets/website/images/blogs/blog-1.png]
[hoplonco.com/assets/website/images/blogs/blog-2.png]
[hoplonco.com/privacy-policy.html]
[hoplonco.com/assets/website/images/blogs/blog-3.png]
[hoplonco.com/assets/website/js/splitting.js]
[hoplonco.com/assets/website/js/scroll-out.js]
[hoplonco.com/assets/website/js/common.min9e29.js]
[hoplonco.com/assets/website/js/swiper.min.js]
[hoplonco.com/index.html]
[hoplonco.com/www.hoplonco.html]
[hoplonco.com/assets/website/css/vendors/bootstrap.css]
[hoplonco.com/assets/website/css/vendors/splitting.css]
[hoplonco.com/assets/website/css/vendors/swiper.min.css]
[hoplonco.com/assets/website/css/vendors/animate.css]
[hoplonco.com/images/quote.html]
[hoplonco.com/assets/website/js/jquery.easy_number_animate.js]
[hoplonco.com/assets/website/images/fline.svg]
[hoplonco.com/assets/website/images/list.svg]
[hoplonco.com/assets/website/images/arrow.svg]
[hoplonco.com/assets/website/images/arrow_2.svg]
[hoplonco.com/assets/website/css/modules/deferred.min87b4.css]
[hoplonco.com/cdn-cgi/zaraz/sd0d9.js]
[hoplonco.com/assets/website/images/back-ground.png]
[hoplonco.com/assets/website/images/about-banner.png]
[hoplonco.com/assets/website/images/onovo-about-logo.png]
[hoplonco.com/assets/website/images/about us.mp4]
[hoplonco.com/assets/website/images/mission.png]
[hoplonco.com/assets/website/images/goals.png]
[hoplonco.com/assets/website/images/process-1.png]
[hoplonco.com/assets/website/images/process-2.png]
[hoplonco.com/assets/website/images/process-4.png]
[hoplonco.com/assets/website/images/process-3.png]
[hoplonco.com/assets/website/images/process-5.png]
[hoplonco.com/assets/website/images/team-1.png]
[hoplonco.com/assets/website/images/team-2.png]
[hoplonco.com/assets/website/images/team-3.png]
[hoplonco.com/assets/website/images/team-4.png]
[hoplonco.com/assets/website/images/clientslogo/logo-1.png]
[hoplonco.com/assets/website/images/clientslogo/logo-2.png]
[hoplonco.com/assets/website/images/testimonials.png]
[hoplonco.com/assets/website/images/clientslogo/logo-3.png]
[hoplonco.com/assets/website/images/clientslogo/logo-4.png]
[hoplonco.com/assets/website/images/clientslogo/logo-5.png]
[hoplonco.com/assets/website/images/clientslogo/logo-6.png]
[hoplonco.com/assets/website/images/clientslogo/logo-7.png]
[hoplonco.com/about.html]
[hoplonco.com/assets/website/images/clientslogo/logo-8.png]
[hoplonco.com/assets/website/images/main-services.png]
[hoplonco.com/assets/website/images/icons/e-commerce-solutions.png]
[hoplonco.com/assets/website/images/icons/software-development.png]
[hoplonco.com/assets/website/images/icons/seo.png]
[hoplonco.com/assets/website/images/main-home.mp4]
[hoplonco.com/about-us.php]
[hoplonco.com/services.html]
[hoplonco.com/assets/website/images/services-images/branding.png]
[hoplonco.com/assets/website/images/cta-bg-1.png]
[hoplonco.com/assets/website/images/services-images/branding/branding-1.png]
[hoplonco.com/branding.html]
[hoplonco.com/assets/website/images/title_after.svg]
[hoplonco.com/assets/website/images/services-images/branding/branding-2.png]
[hoplonco.com/assets/website/images/index.html]
[hoplonco.com/assets/website/images/services-images/digital-marketing.png]
[hoplonco.com/assets/website/images/project-2.jpg]
[hoplonco.com/digital-marketing.html]
[hoplonco.com/assets/website/images/work-1.png]
[hoplonco.com/assets/website/images/services-images/digital-marketing/digital-marketing1.png]
[hoplonco.com/assets/website/images/services-images/digital-marketing/digital-marketing2.png]
[hoplonco.com/saas-solution.html]
[hoplonco.com/assets/website/images/services-images/saas-solution/saas-solution.png]
[hoplonco.com/assets/website/images/services-images/e-commerce/e-commerce-1.png]
[hoplonco.com/assets/website/images/services-images/saas-solution/saas-solution1.png]
[hoplonco.com/assets/website/images/services-images/saas-solution/saas-solution2.png]
[hoplonco.com/assets/website/images/services-images/e-commerce/e-commerce.png]
[hoplonco.com/e-commerce.html]
[hoplonco.com/assets/website/images/services-images/e-commerce/e-commerce-2.png]
[hoplonco.com/web-development.html]
[hoplonco.com/assets/website/images/services-images/website-development/website-2.png]
[hoplonco.com/assets/website/images/services-images/website-development/website-3.png]
[hoplonco.com/assets/website/images/services-images/website-development/website-1.png]
[hoplonco.com/mobile-app.html]
[hoplonco.com/assets/website/images/services-images/mobileapp/mobile-app1.png]
[hoplonco.com/software-development.php]
[hoplonco.com/assets/website/images/services-images/mobileapp/mobile-app2.png]
[hoplonco.com/assets/website/images/services-images/mobileapp/mobile-app.png]
[hoplonco.com/assets/website/images/services-images/software-development/software-development.png]
[hoplonco.com/software-development.html]
[hoplonco.com/assets/website/images/services-images/software-development/software-development-1.png]
[hoplonco.com/assets/website/images/services-images/software-development/software-development-2.png]
[hoplonco.com/seo.html]
[hoplonco.com/assets/website/images/services-images/seo/seo.png]
[hoplonco.com/assets/website/images/services-images/seo/seo-1.png]
[hoplonco.com/assets/website/images/services-images/seo/seo-2.png]
[hoplonco.com/assets/website/images/services-images/public-relation/public-relation.png]
[hoplonco.com/public-relation.html]
[hoplonco.com/assets/website/images/services-images/public-relation/public-relation1.png]
[hoplonco.com/assets/website/images/services-images/public-relation/public-relation2.png]
[hoplonco.com/cf-fonts/s/epilogue/5.2.8/latin-ext/400/italic.woff2]
[hoplonco.com/cf-fonts/s/epilogue/5.2.8/vietnamese/400/italic.woff2]
[hoplonco.com/cf-fonts/s/epilogue/5.2.8/latin/400/italic.woff2]
[hoplonco.com/cf-fonts/s/epilogue/5.2.8/vietnamese/400/normal.woff2]
[hoplonco.com/cf-fonts/s/epilogue/5.2.8/latin/400/normal.woff2]
[hoplonco.com/cf-fonts/s/epilogue/5.2.8/latin-ext/400/normal.woff2]
[hoplonco.com/cf-fonts/s/epilogue/5.2.8/vietnamese/100/normal.woff2]
[hoplonco.com/cf-fonts/s/epilogue/5.2.8/latin/100/normal.woff2]
[hoplonco.com/cf-fonts/s/epilogue/5.2.8/latin-ext/100/normal.woff2]
[hoplonco.com/cf-fonts/s/epilogue/5.2.8/latin/200/normal.woff2]
[hoplonco.com/cf-fonts/s/epilogue/5.2.8/latin-ext/200/normal.woff2]
[hoplonco.com/cf-fonts/s/epilogue/5.2.8/vietnamese/200/normal.woff2]
[hoplonco.com/cf-fonts/s/epilogue/5.2.8/vietnamese/300/normal.woff2]
[hoplonco.com/cf-fonts/s/epilogue/5.2.8/latin/300/normal.woff2]
[hoplonco.com/cf-fonts/s/epilogue/5.2.8/latin-ext/300/normal.woff2]
[hoplonco.com/cf-fonts/s/epilogue/5.2.8/vietnamese/500/normal.woff2]
[hoplonco.com/cf-fonts/s/epilogue/5.2.8/latin/500/normal.woff2]
[hoplonco.com/cf-fonts/s/epilogue/5.2.8/latin-ext/500/normal.woff2]
[hoplonco.com/cf-fonts/s/epilogue/5.2.8/latin/600/normal.woff2]
[hoplonco.com/cf-fonts/s/epilogue/5.2.8/latin-ext/600/normal.woff2]
[hoplonco.com/cf-fonts/s/epilogue/5.2.8/vietnamese/600/normal.woff2]
[hoplonco.com/cf-fonts/s/epilogue/5.2.8/latin-ext/700/normal.woff2]
[hoplonco.com/cf-fonts/s/epilogue/5.2.8/vietnamese/700/normal.woff2]
[hoplonco.com/cf-fonts/s/epilogue/5.2.8/latin/700/normal.woff2]
[hoplonco.com/cf-fonts/s/epilogue/5.2.8/latin-ext/800/normal.woff2]
[hoplonco.com/cf-fonts/s/epilogue/5.2.8/latin/800/normal.woff2]
[hoplonco.com/cf-fonts/s/epilogue/5.2.8/vietnamese/800/normal.woff2]
[hoplonco.com/cf-fonts/s/epilogue/5.2.8/latin/900/normal.woff2]
[hoplonco.com/cf-fonts/s/epilogue/5.2.8/latin-ext/900/normal.woff2]
[hoplonco.com/cf-fonts/s/epilogue/5.2.8/vietnamese/900/normal.woff2]
[hoplonco.com/our-work.html]
[hoplonco.com/assets/website/images/main-faqs.png]
[hoplonco.com/assets/website/images/clientslogo/logo-9.png]
[hoplonco.com/assets/website/images/clientslogo/logo-10.png]
[hoplonco.com/assets/website/images/clientslogo/logo-11.png]
[hoplonco.com/assets/website/images/clientslogo/logo-12.png]
[hoplonco.com/assets/website/images/clientslogo/logo-13.png]
[hoplonco.com/assets/website/images/clientslogo/logo-14.png]
[hoplonco.com/assets/website/images/clientslogo/logo-15.png]
[hoplonco.com/assets/website/images/clientslogo/logo-16.png]
[hoplonco.com/assets/website/images/clientslogo/logo-17.png]
[hoplonco.com/assets/website/images/clientslogo/logo-18.png]
[hoplonco.com/assets/website/images/clientslogo/logo-19.png]
[hoplonco.com/assets/website/images/clientslogo/logo-20.png]
[hoplonco.com/assets/website/images/clientslogo/logo-21.png]
[hoplonco.com/assets/website/images/clientslogo/logo-22.png]
[hoplonco.com/assets/website/images/clientslogo/logo-23.png]
[hoplonco.com/assets/website/images/clientslogo/logo-24.png]
[hoplonco.com/assets/website/images/clientslogo/logo-25.png]
[hoplonco.com/assets/website/images/clientslogo/logo-26.png]
[hoplonco.com/assets/website/images/clientslogo/logo-27.png]
[hoplonco.com/assets/website/images/clientslogo/logo-28.png]
[hoplonco.com/assets/website/images/clientslogo/logo-29.png]
[hoplonco.com/assets/website/images/clientslogo/logo-30.png]
[hoplonco.com/assets/website/images/clientslogo/logo-31.png]
[hoplonco.com/clients.html]
[hoplonco.com/assets/website/images/clientslogo/logo-32.png]
[hoplonco.com/blog.html]
[hoplonco.com/faq.html]
[hoplonco.com/assets/website/images/main-blog.png]
[hoplonco.com/contact.html]
[hoplonco.com/thankyou.html]
[hoplonco.com/assets/website/images/title_icon.svg]
[hoplonco.com/privacy-policy.html]
[hoplonco.com/assets/website/images/fline.svg]
[hoplonco.com/assets/website/images/list.svg]
[hoplonco.com/assets/website/images/arrow.svg]
[hoplonco.com/assets/website/images/arrow_2.svg]
[hoplonco.com/about-us.html]
[hoplonco.com/assets/website/images/title_after.svg]
[hoplonco.com/assets/website/images/index.html]
[hoplonco.com/assets/website/images/project-2.html]
[hoplonco.com/software-development-2.html]
[hoplonco.com/assets/website/images/main-contact.png]
